// Vitest Snapshot v1, https://vitest.dev/guide/snapshot.html

exports[`color API contracts > returns selected-color docs + spec payload for a nested vinyl color with color-level documents 1`] = `
{
  "characteristicKeys": [
    "Debljina habajućeg sloja",
    "Dizajn",
    "Dužina",
    "Efekat površine",
    "Format",
    "Komercijalna klasifikacija",
    "Kompatibilna elektroda za varenje",
    "Način ugradnje",
    "Porodica boja",
    "Površina",
    "Površinski tretman",
    "Pravac polaganja",
  ],
  "colorSlug": "tarkett-bold-color-mist-1",
  "documentCount": 2,
  "documents": [
    {
      "title": "Tehnički list",
      "url": "https://www.tarkett.rs/sr_RS/pdf/collection-C002929-bold/mist-1/specifications",
    },
    {
      "title": "Tabela formata",
      "url": "https://www.tarkett.rs/sr_RS/pdf/collection-C002929-bold/mist-1/format-table",
    },
  ],
  "specCount": 23,
  "specSample": [
    {
      "key": "format",
      "label": "Format",
      "value": "Rolna 2,5 x 30 m",
    },
    {
      "key": "thickness",
      "label": "Ukupna debljina",
      "value": "2 mm",
    },
    {
      "key": "compatible_welding_accessory",
      "label": "Kompatibilna elektroda za varenje",
      "value": "Tarkett elektrode za varenje - vinil podovi",
    },
    {
      "key": "tip",
      "label": "Tip",
      "value": "Heterogeni",
    },
    {
      "key": "rezidencijalna-klasifikacija",
      "label": "Rezidencijalna klasifikacija",
      "value": "23 Teška",
    },
    {
      "key": "komercijalna-klasifikacija",
      "label": "Komercijalna klasifikacija",
      "value": "32 General",
    },
    {
      "key": "ukupna-debljina",
      "label": "Ukupna debljina",
      "value": "2 mm",
    },
    {
      "key": "debljina-habaju-eg-sloja",
      "label": "Debljina habajućeg sloja",
      "value": "0,40 mm",
    },
    {
      "key": "povr-inski-tretman",
      "label": "Površinski tretman",
      "value": "Pur Titan",
    },
    {
      "key": "zaostala-ulegnu-a",
      "label": "Zaostala ulegnuća",
      "value": "≤ 0.20 mm",
    },
    {
      "key": "zemlja-porekla",
      "label": "Zemlja porekla",
      "value": "Serbia",
    },
    {
      "key": "tip-formata",
      "label": "Tip formata",
      "value": "Rolna",
    },
  ],
}
`;

exports[`color API contracts > returns stable documents + characteristics shape for /api/color-data 1`] = `
{
  "characteristicKeys": [
    "Dizajn",
    "Dužina",
    "Dužina po pakovanju",
    "Format",
    "Komada u pakovanju",
    "Kutija na paleti",
    "Može da se seče",
    "Porodica boje",
    "Profil",
    "Tip dezena",
    "Tip proizvoda",
    "Ukupna debljina",
    "Visina",
  ],
  "characteristics": {
    "Dizajn": "Patina Ash",
    "Dužina": "195 cm",
    "Dužina po pakovanju": "9,75 m",
    "Format": "Skirting 1,95m",
    "Komada u pakovanju": "5",
    "Kutija na paleti": "132",
    "Može da se seče": "Ne",
    "Porodica boje": "Siva",
    "Profil": "Lajsne LVT 60x10",
    "Tip dezena": "Drvo",
    "Tip proizvoda": "Wall base",
    "Ukupna debljina": "10 mm",
  },
  "colorSlug": "tarkett-dekorativne-zidne-lajsne-za-lvt-aluminium",
  "documentCount": 0,
  "documents": [],
}
`;

exports[`color API contracts > returns stable nested color payload shape for /api/colors 1`] = `
{
  "collectionCount": 1,
  "firstCollection": {
    "colorCount": 175,
    "name": "Dekorativne zidne lajsne za LVT",
    "sampleColors": [
      {
        "characteristicKeys": [
          "Dizajn",
          "Dužina",
          "Dužina po pakovanju",
          "Format",
          "Komada u pakovanju",
          "Kutija na paleti",
          "Može da se seče",
          "Porodica boje",
        ],
        "code": "26646018",
        "imageUrl": "https://nnjmrfwepylrheykalik.supabase.co/storage/v1/object/public/product-images/products/lajsne/tarkett-dekorativne-zidne-lajsne-za-lvt/tarkett-dekorativne-zidne-lajsne-za-lvt-aluminium.jpg?v=20260331152443",
        "name": "Patina Ash GREY",
        "slug": "tarkett-dekorativne-zidne-lajsne-za-lvt-aluminium",
      },
      {
        "characteristicKeys": [
          "Dizajn",
          "Dužina",
          "Dužina po pakovanju",
          "Format",
          "Komada u pakovanju",
          "Kutija na paleti",
          "Može da se seče",
          "Porodica boje",
        ],
        "code": "26646018",
        "imageUrl": "https://nnjmrfwepylrheykalik.supabase.co/storage/v1/object/public/product-images/products/lajsne/tarkett-dekorativne-zidne-lajsne-za-lvt/tarkett-dekorativne-zidne-lajsne-za-lvt-alpine-oak-warm-natural.jpg?v=20260331152443",
        "name": "Alpine Oak WARM NATURAL",
        "slug": "tarkett-dekorativne-zidne-lajsne-za-lvt-alpine-oak-warm-natural",
      },
      {
        "characteristicKeys": [
          "Dizajn",
          "Dužina",
          "Dužina po pakovanju",
          "Format",
          "Komada u pakovanju",
          "Kutija na paleti",
          "Može da se seče",
          "Porodica boje",
        ],
        "code": "26646018",
        "imageUrl": "https://nnjmrfwepylrheykalik.supabase.co/storage/v1/object/public/product-images/products/lajsne/tarkett-dekorativne-zidne-lajsne-za-lvt/tarkett-dekorativne-zidne-lajsne-za-lvt-american-walnut-cinnamon.jpg?v=20260331152443",
        "name": "American Walnut CINNAMON",
        "slug": "tarkett-dekorativne-zidne-lajsne-za-lvt-american-walnut-cinnamon",
      },
    ],
    "slug": "tarkett-dekorativne-zidne-lajsne-za-lvt",
  },
  "totalColors": 175,
}
`;
